on main brach